
> casabliss@0.1.0 build
> next build

Ôû▓ Next.js 16.2.2 (Turbopack)

  Creating an optimized production build ...
Ô£ô Compiled successfully in 2.5s
  Running TypeScript ...
  Finished TypeScript in 2.7s ...
  Collecting page data using 10 workers ...
  Generating static pages using 10 workers (0/12) ...
node.exe : ÔÜá 
metadataBase property in 
metadata export is not 
set for resolving social 
open graph or twitter 
images, using 
"http://localhost:3000". 
See https://nextjs.org/doc
s/app/api-reference/functi
ons/generate-metadata#meta
database
At C:\Program 
Files\nodejs\npm.ps1:29 
char:3
+   & $NODE_EXE 
$NPM_CLI_JS $args
+   ~~~~~~~~~~~~~~~~~~~~~~
~~~~~~~
    + CategoryInfo        
      : NotSpecified: (Ô  
  Üá metadataBas...ta#m   
 etadatabase:String) [    
], RemoteException
    + FullyQualifiedError 
   Id : NativeCommandErr  
  or
 
  Generating static pages using 10 workers (3/12) 
  Generating static pages using 10 workers (6/12) 
  Generating static pages using 10 workers (9/12) 
Ô£ô Generating static pages using 10 workers (12/12) in 920ms
  Finalizing page optimization ...

Route (app)
Ôöî Ôùï /
Ôö£ Ôùï /_not-found
Ôö£ Ôùï /about
Ôö£ Ôùï /collections
Ôö£ ÔùÅ /collections/[category]
Ôöé Ôö£ /collections/furniture
Ôöé Ôö£ /collections/kitchen
Ôöé Ôö£ /collections/faucets
Ôöé Ôöö /collections/lighting
Ôö£ Ôùï /icon.jpg
Ôö£ Ôùï /inquire
Ôöö Ôùï /process


Ôùï  (Static)  prerendered as static content
ÔùÅ  (SSG)     prerendered as static HTML (uses generateStaticParams)

